// Jest Snapshot v1, https://goo.gl/fbAQLP

exports[`Tile Snapshot 1`] = `
<div
  className="tile"
>
  <div
    className="tile-left"
  />
  <div
    className="tile-center"
  >
    <a
      href="/[object Object]"
      onClick={[Function]}
    >
      <div
        className="tile__content"
      >
        <h3
          className="tile__title"
        >
           
          name
           
        </h3>
        <p
          className="tile__description"
        >
          desc
        </p>
      </div>
    </a>
  </div>
  <div
    className="tile-right"
  />
</div>
`;
